<html>
<body>
<pre>
<h1>µVision Build Log</h1>
<h2>Project:</h2>
C:\Users\User\Desktop\6 Î‡·‡ ˆ‚Ï\lab8IRQGrp\lab8\ParP-SysTick.uvproj
Project File Date:  12/26/2021

<h2>Output:</h2>
Build target 'SysTick'
compiling SysTick.c...
Src\SysTick.c(112): warning:  #111-D: statement is unreachable
                return 0;
Src\SysTick.c(166): warning:  #1-D: last line of file ends without a newline
  }
Src\SysTick.c: 2 warnings, 0 errors
linking...
.\obj\spl_exmp.axf: Warning: L6304W: Duplicate input file .\obj\stm32f10x_gpio.o ignored.
.\obj\spl_exmp.axf: Warning: L6304W: Duplicate input file .\obj\stm32f10x_rcc.o ignored.
Program Size: Code=2392 RO-data=268 RW-data=68 ZI-data=1644  
Finished: 0 information, 2 warning and 0 error messages.
".\obj\spl_exmp.axf" - 0 Error(s), 4 Warning(s).
</pre>
</body>
</html>
.o ignored.
.\obj\spl_exmp.axf: Warning: L6304W: Duplicate input file .\obj\stm32f10x_rcc.o ignored.
Program Size: Code=2392 RO-data=268 RW-data=68 ZI-data=1644  
Finished: 0 information, 2 warning and 0 error messages.
".\obj\spl_exmp.axf" - 0 Error(s), 4 Warning(s).
